[demoxml.com/html/maxihealth/services.html]
[backblue.gif]
[fade.gif]
[index.html]
[demoxml.com/html/maxihealth/images/favicon.ico]
[demoxml.com/html/maxihealth/images/apple-touch-icon-114x114-precomposed.png]
[demoxml.com/html/maxihealth/images/apple-touch-icon-72x72-precomposed.png]
[demoxml.com/html/maxihealth/images/apple-touch-icon-57x57-precomposed.png]
[demoxml.com/html/maxihealth/libraries/loader/loaders.min.css]
[demoxml.com/html/maxihealth/libraries/bootstrap/bootstrap.min.css]
[demoxml.com/html/maxihealth/libraries/fonts/font-awesome.min.css]
[demoxml.com/html/maxihealth/libraries/fonts/elegant-icons.css]
[demoxml.com/html/maxihealth/libraries/owl-carousel/owl.carousel.css]
[demoxml.com/html/maxihealth/libraries/owl-carousel/owl.theme.css]
[demoxml.com/html/maxihealth/libraries/animate/animate.min.css]
[demoxml.com/html/maxihealth/libraries/magnific-popup/magnific-popup.css]
[demoxml.com/html/maxihealth/css/plugins.css]
[demoxml.com/html/maxihealth/css/navigation-menu.css]
[demoxml.com/html/maxihealth/style.css]
[demoxml.com/html/maxihealth/css/shortcodes.css]
[demoxml.com/html/maxihealth/images/logo.png]
[demoxml.com/html/maxihealth/images/location-ic.png]
[demoxml.com/html/maxihealth/images/phone-ic.png]
[demoxml.com/html/maxihealth/index.html]
[demoxml.com/html/maxihealth/about.html]
[demoxml.com/html/maxihealth/team.html]
[demoxml.com/html/maxihealth/departments.html]
[demoxml.com/html/maxihealth/gallery.html]
[demoxml.com/html/maxihealth/blog.html]
[demoxml.com/html/maxihealth/blog-post.html]
[demoxml.com/html/maxihealth/contact-us.html]
[demoxml.com/html/maxihealth/images/dp-icon-1.png]
[demoxml.com/html/maxihealth/images/dp-icon-2.png]
[demoxml.com/html/maxihealth/images/dp-icon-3.png]
[demoxml.com/html/maxihealth/images/departments-bg.jpg]
[demoxml.com/html/maxihealth/images/panel-img-1.jpg]
[demoxml.com/html/maxihealth/images/latest-news-1.jpg]
[demoxml.com/html/maxihealth/images/latest-news-2.jpg]
[demoxml.com/html/maxihealth/images/ftr-location.png]
[demoxml.com/html/maxihealth/images/ftr-phone.png]
[demoxml.com/html/maxihealth/images/ftr-email.png]
[demoxml.com/html/maxihealth/images/logo-ftr.png]
[demoxml.com/html/maxihealth/js/jquery.min.js]
[demoxml.com/html/maxihealth/libraries/modernizr/modernizr.js]
[demoxml.com/html/maxihealth/libraries/bootstrap/bootstrap.min.js]
[demoxml.com/html/maxihealth/js/jquery.easing.min.js]
[demoxml.com/html/maxihealth/libraries/appear/jquery.appear.js]
[demoxml.com/html/maxihealth/libraries/owl-carousel/owl.carousel.min.js]
[demoxml.com/html/maxihealth/libraries/number/jquery.animateNumber.min.js]
[demoxml.com/html/maxihealth/libraries/isotope/isotope.pkgd.min.js]
[demoxml.com/html/maxihealth/libraries/magnific-popup/jquery.magnific-popup.min.js]
[demoxml.com/html/maxihealth/js/functions.js]
[demoxml.com/html/maxihealth/services.html]
[fonts.googleapis.com/css812c.css]
[fonts.googleapis.com/csse491.css]
[fonts.googleapis.com/csse3e5.css]
[fonts.googleapis.com/cssf60f.css]
[fonts.googleapis.com/css0733.css]
[demoxml.com/html/maxihealth/images/banner-main.png]
[demoxml.com/html/maxihealth/images/ambulance.png]
[demoxml.com/html/maxihealth/images/ambulance-white.png]
[demoxml.com/html/maxihealth/images/heart-ic.png]
[demoxml.com/html/maxihealth/images/heart-ic-white.png]
[demoxml.com/html/maxihealth/images/phone.png]
[demoxml.com/html/maxihealth/images/phone-white.png]
[demoxml.com/html/maxihealth/images/appoinment-latter.png]
[demoxml.com/html/maxihealth/images/appoinment-latter-white.png]
[demoxml.com/html/maxihealth/images/appoinment.png]
[demoxml.com/html/maxihealth/images/heart-sm.png]
[demoxml.com/html/maxihealth/images/what-we-do-best.jpg]
[demoxml.com/html/maxihealth/images/what-we-do-best-block-bg.jpg]
[demoxml.com/html/maxihealth/images/pulmonary.png]
[demoxml.com/html/maxihealth/images/cardiology.png]
[demoxml.com/html/maxihealth/images/traumatology.png]
[demoxml.com/html/maxihealth/images/neurology.png]
[demoxml.com/html/maxihealth/images/what-we-do-best-block-title-bg.jpg]
[demoxml.com/html/maxihealth/images/section-seprator.png]
[demoxml.com/html/maxihealth/images/x-ray.png]
[demoxml.com/html/maxihealth/images/nuclear-magnetic.png]
[demoxml.com/html/maxihealth/images/diagnostic.png]
[demoxml.com/html/maxihealth/images/blood-test.png]
[demoxml.com/html/maxihealth/images/doctor-1.jpg]
[demoxml.com/html/maxihealth/images/doctor-2.jpg]
[demoxml.com/html/maxihealth/images/doctor-3.jpg]
[demoxml.com/html/maxihealth/images/icon-1.png]
[demoxml.com/html/maxihealth/images/icon-2.png]
[demoxml.com/html/maxihealth/images/icon-3.png]
[demoxml.com/html/maxihealth/images/icon-4.png]
[demoxml.com/html/maxihealth/index.html]
[demoxml.com/html/maxihealth/images/who-we-are.jpg]
[demoxml.com/html/maxihealth/about.html]
[demoxml.com/html/maxihealth/images/quote.png]
[demoxml.com/html/maxihealth/images/icon-12.png]
[demoxml.com/html/maxihealth/images/icon-22.png]
[demoxml.com/html/maxihealth/images/icon-32.png]
[demoxml.com/html/maxihealth/images/icon-42.png]
[demoxml.com/html/maxihealth/team.html]
[demoxml.com/html/maxihealth/departments.html]
[demoxml.com/html/maxihealth/images/portfolio-1.jpg]
[demoxml.com/html/maxihealth/images/plus.png]
[demoxml.com/html/maxihealth/images/portfolio-2.jpg]
[demoxml.com/html/maxihealth/images/portfolio-3.jpg]
[demoxml.com/html/maxihealth/images/portfolio-4.jpg]
[demoxml.com/html/maxihealth/images/portfolio-5.jpg]
[demoxml.com/html/maxihealth/images/portfolio-6.jpg]
[demoxml.com/html/maxihealth/images/portfolio-7.jpg]
[demoxml.com/html/maxihealth/images/portfolio-8.jpg]
[demoxml.com/html/maxihealth/images/portfolio-9.jpg]
[demoxml.com/html/maxihealth/gallery.html]
[demoxml.com/html/maxihealth/images/blog-1.jpg]
[demoxml.com/html/maxihealth/images/blog-2.jpg]
[demoxml.com/html/maxihealth/images/blog-3.jpg]
[demoxml.com/html/maxihealth/images/recent-1.jpg]
[demoxml.com/html/maxihealth/images/recent-2.jpg]
[demoxml.com/html/maxihealth/images/recent-3.jpg]
[demoxml.com/html/maxihealth/images/recent-4.jpg]
[demoxml.com/html/maxihealth/blog.html]
[demoxml.com/html/maxihealth/images/author.jpg]
[demoxml.com/html/maxihealth/images/comment-1.jpg]
[demoxml.com/html/maxihealth/images/comment-2.jpg]
[demoxml.com/html/maxihealth/images/comment-3.jpg]
[demoxml.com/html/maxihealth/blog-post.html]
[demoxml.com/html/maxihealth/contact-us.html]
[demoxml.com/html/maxihealth/images/logo.png]
[demoxml.com/html/maxihealth/images/location-ic.png]
[demoxml.com/html/maxihealth/images/phone-ic.png]
[demoxml.com/html/maxihealth/images/departments-bg.jpg]
[demoxml.com/html/maxihealth/images/panel-img-1.jpg]
[demoxml.com/html/maxihealth/images/logo-ftr.png]
[demoxml.com/html/maxihealth/images/latest-news-1.jpg]
[demoxml.com/html/maxihealth/js/jquery.min.js]
[demoxml.com/html/maxihealth/libraries/loader/loaders.min.css]
[demoxml.com/html/maxihealth/libraries/modernizr/modernizr.js]
[demoxml.com/html/maxihealth/images/banner-main.png]
[demoxml.com/html/maxihealth/images/ambulance-white.png]
[demoxml.com/html/maxihealth/images/ambulance.png]
[demoxml.com/html/maxihealth/libraries/fonts/glyphicons-halflings-regular.6f.delayed]
[demoxml.com/html/maxihealth/images/what-we-do-best-block-bg.jpg]
[demoxml.com/html/maxihealth/images/pulmonary.png]
[demoxml.com/html/maxihealth/images/what-we-do-best.jpg]
[demoxml.com/html/maxihealth/images/who-we-are.jpg]
[demoxml.com/html/maxihealth/images/quote.png]
[demoxml.com/html/maxihealth/libraries/fonts/glyphicons-halflings-regulard41d.eot]
[demoxml.com/html/maxihealth/libraries/fonts/glyphicons-halflings-regular.woff2]
[demoxml.com/html/maxihealth/images/portfolio-2.jpg]
[demoxml.com/html/maxihealth/images/portfolio-7.jpg]
[demoxml.com/html/maxihealth/images/portfolio-9.jpg]
[demoxml.com/html/maxihealth/libraries/fonts/glyphicons-halflings-regular.woff]
[demoxml.com/html/maxihealth/images/blog-1.jpg]
[demoxml.com/html/maxihealth/libraries/fonts/glyphicons-halflings-regular.woff2]
[demoxml.com/html/maxihealth/libraries/fonts/glyphicons-halflings-regular.ttf]
[demoxml.com/html/maxihealth/libraries/fonts/glyphicons-halflings-regulard41d.eot]
[demoxml.com/html/maxihealth/libraries/bootstrap/bootstrap.min.css]
[demoxml.com/html/maxihealth/libraries/fonts/glyphicons-halflings-regular.svg]
[demoxml.com/html/maxihealth/libraries/fonts/fontawesome-webfont93e3.eot]
[demoxml.com/html/maxihealth/libraries/fonts/fontawesome-webfontd41d.eot]
[demoxml.com/html/maxihealth/libraries/fonts/fontawesome-webfont93e3.eot]
[demoxml.com/html/maxihealth/libraries/fonts/fontawesome-webfont93e3.woff2]
[demoxml.com/html/maxihealth/libraries/fonts/fontawesome-webfont93e3.woff]
[demoxml.com/html/maxihealth/libraries/fonts/fontawesome-webfont93e3.ttf]
[demoxml.com/html/maxihealth/libraries/fonts/font-awesome.min.css]
[demoxml.com/html/maxihealth/libraries/fonts/ElegantIcons.eot]
[demoxml.com/html/maxihealth/libraries/fonts/fontawesome-webfont93e3.svg]
[demoxml.com/html/maxihealth/libraries/fonts/ElegantIconsd41d.eot]
[demoxml.com/html/maxihealth/libraries/fonts/ElegantIcons.woff]
[demoxml.com/html/maxihealth/libraries/fonts/ElegantIcons.ttf]
[demoxml.com/html/maxihealth/libraries/fonts/elegant-icons.css]
[demoxml.com/html/maxihealth/libraries/fonts/ElegantIcons.svg]
[demoxml.com/html/maxihealth/libraries/owl-carousel/owl.video.play.80.delayed]
[demoxml.com/html/maxihealth/libraries/owl-carousel/owl.carousel.css]
[demoxml.com/html/maxihealth/libraries/owl-carousel/owl.theme.css]
[demoxml.com/html/maxihealth/libraries/animate/animate.min.css]
[demoxml.com/html/maxihealth/libraries/magnific-popup/magnific-popup.css]
[demoxml.com/html/maxihealth/css/plugins.css]
[demoxml.com/html/maxihealth/css/navigation-menu.css]
[demoxml.com/html/maxihealth/fonts/montserrat-light.eot]
[demoxml.com/html/maxihealth/fonts/montserrat-lightd41d.eot]
[demoxml.com/html/maxihealth/fonts/montserrat-light.woff2]
[demoxml.com/html/maxihealth/fonts/montserrat-light.woff]
[demoxml.com/html/maxihealth/fonts/montserrat-light.ttf]
[demoxml.com/html/maxihealth/fonts/montserrat-light.svg]
[demoxml.com/html/maxihealth/images/header-bg.jpg]
[demoxml.com/html/maxihealth/images/error-banner.jpg]
[demoxml.com/html/maxihealth/images/services-banner.jpg]
[demoxml.com/html/maxihealth/images/team-banner.jpg]
[demoxml.com/html/maxihealth/images/departments-banner.jpg]
[demoxml.com/html/maxihealth/images/services-banner.jpg]
[demoxml.com/html/maxihealth/images/team-banner.jpg]
[demoxml.com/html/maxihealth/images/departments-banner.jpg]
[demoxml.com/html/maxihealth/images/about-banner.jpg]
[demoxml.com/html/maxihealth/images/blog-banner.jpg]
[demoxml.com/html/maxihealth/images/blog-post-banner.jpg]
[demoxml.com/html/maxihealth/images/gallery-banner.jpg]
[demoxml.com/html/maxihealth/images/blog-banner.jpg]
[demoxml.com/html/maxihealth/images/blog-post-banner.jpg]
[demoxml.com/html/maxihealth/style.css]
[demoxml.com/html/maxihealth/images/contact-banner.jpg]
[demoxml.com/html/maxihealth/images/banner-bg.jpg]
[demoxml.com/html/maxihealth/images/heart-icon.png]
[demoxml.com/html/maxihealth/images/call-out-bg.jpg]
[demoxml.com/html/maxihealth/images/heart-icon.png]
[demoxml.com/html/maxihealth/images/banner-bg.jpg]
[demoxml.com/html/maxihealth/css/shortcodes.css]
[demoxml.com/html/maxihealth/images/happy-customer.jpg]
[demoxml.com/html/maxihealth/index.html]
[demoxml.com/html/maxihealth/libraries/fonts/glyphicons-halflings-regular.svg]
[demoxml.com/html/maxihealth/libraries/fonts/fontawesome-webfont93e3.svg]
[demoxml.com/html/maxihealth/libraries/fonts/ElegantIcons.svg]
[demoxml.com/html/maxihealth/libraries/owl-carousel/owl.video.play.html]
[demoxml.com/html/maxihealth/fonts/montserrat-light.svg]
